node : file:///C:/Users/rain/Documents/threejs-edit/src/
editing/index.js:331
At line:1 char:1
+ node src/tests/runModularTests.js > test-output.log 
2>&1
+ 
~~~~~~~~~~~~~~~~~~~~~~~~~~~~~~~~~~~~~~~~~~~~~~~~~~~~~~~~
    + CategoryInfo          : NotSpecified: (file:///C: 
   /User...ng/index.js:331:String) [], RemoteException
    + FullyQualifiedErrorId : NativeCommandError
 
  subdivideFaces,
  ^

ReferenceError: subdivideFaces is not defined
    at file:///C:/Users/rain/Documents/threejs-edit/src/
editing/index.js:331:3
    at ModuleJob.run 
(node:internal/modules/esm/module_job:365:25)
    at async onImport.tracePromise.__proto__ 
(node:internal/modules/esm/loader:665:26)
    at async asyncRunEntryPointWithESMLoader 
(node:internal/modules/run_main:99:5)

Node.js v24.3.0
